---
foo:
  type: object
  properties:
    foo:
      type: object
      properties:
        bar:
          type: string
          value: 123
bar:
  type: integer
baz:
  baz:
    type: string
boo:
  boo:
    type: integer
users:
  type: object
  patternProperties:
    "^[A-Za-z0-9]+$":
      type: object
      properties:
        name:
          type: string
collection:
  type: object
  properties:
    foo:
      type: object
      properties:
        bar:
          type: string
          value: 123
    bam:
      type: integer
    baz:
      type: number
other:
  type: integer
  default: 123